<html>
<body>
<pre>
<h1>µVision Build Log</h1>
<h2>Tool Versions:</h2>
IDE-Version: ¶ÃVision V5.35.0.0
Copyright (C) 2021 ARM Ltd and ARM Germany GmbH. All rights reserved.
License Information:  ,  , LIC=21E4T-RY38R-EV71R-K3D3B-ZLP28-EKCFF
 
Tool Versions:
Toolchain:       MDK-ARM Plus  Version: 5.35.0.2
Toolchain Path:  D:\Keil_v5\ARM\ARMCC\Bin
C Compiler:      Armcc.exe V5.06 update 7 (build 960)
Assembler:       Armasm.exe V5.06 update 7 (build 960)
Linker/Locator:  ArmLink.exe V5.06 update 7 (build 960)
Library Manager: ArmAr.exe V5.06 update 7 (build 960)
Hex Converter:   FromElf.exe V5.06 update 7 (build 960)
CPU DLL:         SARMCM3.DLL V5.35.0.2
Dialog DLL:      DARMCM1.DLL V1.19.4.0
Target DLL:      Segger\JL2CM3.dll V2.99.40.0
Dialog DLL:      TARMCM1.DLL V1.14.4.0
 
<h2>Project:</h2>
F:\LY\œ¬‘ÿ\HK32F0301Mxx_Example\project\10 GPIO\3_GPIO_IOMUX_TSSOP(UFQFN)20\MDK-ARM\HK32F0301M_Demo.uvprojx
Project File Date:  08/30/2025

<h2>Output:</h2>
*** Using Compiler 'V5.06 update 7 (build 960)', folder: 'D:\Keil_v5\ARM\ARMCC\Bin'
Rebuild target 'HK32F0301M_Demo'
compiling hk32f0301m_it.c...
assembling Keil_Startup_hk32f0301m.s...
compiling system_hk32f0301m.c...
compiling hk32f0301m_adc.c...
compiling main.c...
compiling hk32f0301m_misc.c...
compiling hk32f0301m_crc.c...
compiling hk32f0301m_pwr.c...
compiling hk32f0301m_iwdg.c...
compiling hk32f0301m_awu.c...
compiling hk32f0301m_gpio.c...
compiling hk32f0301m_exti.c...
compiling hk32f0301m_beep.c...
compiling hk32f0301m_i2c.c...
compiling hk32f0301m_flash.c...
compiling hk32f0301m_rcc.c...
compiling hk32f0301m_spi.c...
compiling hk32f0301m_syscfg.c...
compiling hk32f0301m_tim.c...
compiling hk32f0301m_usart.c...
compiling hk32f0301m_wwdg.c...
linking...
Program Size: Code=1396 RO-data=208 RW-data=0 ZI-data=512  
FromELF: creating hex file...
".\Objects\HK32F0301M_Demo.axf" - 0 Error(s), 0 Warning(s).

<h2>Software Packages used:</h2>

Package Vendor: HKMicroChip
                http://www.hsxp-hk.com/companyfile/2/HKMicroChip.HK32F030xMxx_DFP.1.0.17.pack
                HKMicroChip.HK32F030xMxx_DFP.1.0.17
                HKMicroChip HK32F030xMxx ARM Cortex-M0 Device Family Pack Device Support

<h2>Collection of Component include folders:</h2>

<h2>Collection of Component Files used:</h2>
Build Time Elapsed:  00:00:03
</pre>
</body>
</html>
